d:\file\ood-project\management\management\x64\debug\vc143.pdb
d:\file\ood-project\management\management\x64\debug\vc143.idb
d:\file\ood-project\management\management\x64\debug\testdlg.obj
d:\file\ood-project\management\management\x64\debug\managementdlg.obj
d:\file\ood-project\management\management\x64\debug\management.obj
d:\file\ood-project\management\management\x64\debug\management.pch
d:\file\ood-project\management\management\x64\debug\pch.obj
d:\file\ood-project\management\management\x64\debug\managerdlg.obj
d:\file\ood-project\management\management\x64\debug\cdatabasehelper.obj
d:\file\ood-project\management\x64\debug\management.exe
d:\file\ood-project\management\x64\debug\management.pdb
d:\file\ood-project\management\management\x64\debug\management.res
d:\file\ood-project\management\management\x64\debug\management.ilk
d:\oop\ood-project\management\management\x64\debug\cdatabasehelper.obj
d:\oop\ood-project\management\management\x64\debug\management.obj
d:\oop\ood-project\management\management\x64\debug\managementdlg.obj
d:\oop\ood-project\management\management\x64\debug\managerdlg.obj
d:\oop\ood-project\management\management\x64\debug\pch.obj
d:\oop\ood-project\management\management\x64\debug\testdlg.obj
d:\oop\ood-project\management\management\x64\debug\management.ilk
d:\oop\ood-project\management\management\x64\debug\management.res
d:\oop\ood-project\management\management\x64\debug\management.pch
d:\oop\ood-project\management\management\x64\debug\vc143.idb
d:\oop\ood-project\management\management\x64\debug\vc143.pdb
d:\oop\ood-project\management\x64\debug\management.pdb
d:\oop\ood-project\management\x64\debug\management.exe
d:\oop\ood-project\management\management\x64\debug\management.tlog\cl.command.1.tlog
d:\oop\ood-project\management\management\x64\debug\management.tlog\cl.items.tlog
d:\oop\ood-project\management\management\x64\debug\management.tlog\cl.read.1.tlog
d:\oop\ood-project\management\management\x64\debug\management.tlog\cl.write.1.tlog
d:\oop\ood-project\management\management\x64\debug\management.tlog\link.command.1.tlog
d:\oop\ood-project\management\management\x64\debug\management.tlog\link.read.1.tlog
d:\oop\ood-project\management\management\x64\debug\management.tlog\link.secondary.1.tlog
d:\oop\ood-project\management\management\x64\debug\management.tlog\link.write.1.tlog
d:\oop\ood-project\management\management\x64\debug\management.tlog\rc.command.1.tlog
d:\oop\ood-project\management\management\x64\debug\management.tlog\rc.read.1.tlog
d:\oop\ood-project\management\management\x64\debug\management.tlog\rc.write.1.tlog
